// Jest Snapshot v1, https://goo.gl/fbAQLP

exports[`GET /api/v1/posts given a valid request responds with a 200 status code 1`] = `
{
  "count": 6,
  "hasNextPage": false,
  "hasPreviousPage": true,
  "pageNumber": 3,
  "pageSize": 2,
  "posts": [
    {
      "id": 5,
      "published": true,
      "title": "Mock post five",
    },
    {
      "id": 6,
      "published": false,
      "title": "Mock post six",
    },
  ],
  "totalPages": 3,
}
`;
