// Jest Snapshot v1, https://goo.gl/fbAQLP

exports[`listPostsQuery lists posts 1`] = `
{
  "count": 11,
  "hasNextPage": false,
  "hasPreviousPage": true,
  "pageNumber": 2,
  "pageSize": 10,
  "posts": [
    {
      "id": 11,
      "published": false,
      "title": "Mock post",
    },
  ],
  "totalPages": 2,
}
`;
